#-----------------------------------------------------------
# Vivado v2018.3 (64-bit)
# SW Build 2405991 on Thu Dec  6 23:38:27 MST 2018
# IP Build 2404404 on Fri Dec  7 01:43:56 MST 2018
# Start of session at: Tue Mar 17 13:43:31 2026
# Process ID: 11464
# Current directory: E:/Desktop/Course Resource/已完成/CS2306 计算机系统结构实验/Lab01/Project1
# Command line: vivado.exe -gui_launcher_event rodinguilauncherevent21240 E:\Desktop\Course Resource\已完成\CS2306 计算机系统结构实验\Lab01\Project1\Project1.xpr
# Log file: E:/Desktop/Course Resource/已完成/CS2306 计算机系统结构实验/Lab01/Project1/vivado.log
# Journal file: E:/Desktop/Course Resource/已完成/CS2306 计算机系统结构实验/Lab01/Project1\vivado.jou
#-----------------------------------------------------------
start_gui
open_project {E:/Desktop/Course Resource/已完成/CS2306 计算机系统结构实验/Lab01/Project1/Project1.xpr}
INFO: [Project 1-313] Project file moved from 'E:/Desktop/ArchiLabs/Project1' since last save.
Scanning sources...
Finished scanning sources
INFO: [IP_Flow 19-234] Refreshing IP repositories
INFO: [IP_Flow 19-1704] No user IP repositories specified
INFO: [IP_Flow 19-2313] Loaded Vivado IP repository 'D:/Xilinx/Vivado/2018.3/data/ip'.
update_compile_order -fileset sources_1
launch_simulation
INFO: [Vivado 12-5682] Launching behavioral simulation in 'E:/Desktop/Course Resource/已完成/CS2306 计算机系统结构实验/Lab01/Project1/Project1.sim/sim_1/behav/xsim'
INFO: [SIM-utils-51] Simulation object is 'sim_1'
INFO: [SIM-utils-54] Inspecting design source files for 'flowing_light_tb' in fileset 'sim_1'...
INFO: [USF-XSim-97] Finding global include files...
INFO: [USF-XSim-98] Fetching design files from 'sim_1'...
INFO: [USF-XSim-2] XSim::Compile design
INFO: [USF-XSim-61] Executing 'COMPILE and ANALYZE' step in 'E:/Desktop/Course Resource/已完成/CS2306 计算机系统结构实验/Lab01/Project1/Project1.sim/sim_1/behav/xsim'
"xvlog --incr --relax -prj flowing_light_tb_vlog.prj"
INFO: [VRFC 10-2263] Analyzing Verilog file "E:/Desktop/Course Resource/已完成/CS2306 计算机系统结构实验/Lab01/Project1/Project1.srcs/sources_1/new/flowing_light.v" into library xil_defaultlib
INFO: [VRFC 10-311] analyzing module flowing_light
INFO: [VRFC 10-2458] undeclared symbol CLK_i, assumed default net type wire [E:/Desktop/Course Resource/已完成/CS2306 计算机系统结构实验/Lab01/Project1/Project1.srcs/sources_1/new/flowing_light.v:13]
INFO: [VRFC 10-2263] Analyzing Verilog file "E:/Desktop/Course Resource/已完成/CS2306 计算机系统结构实验/Lab01/Project1/Project1.srcs/sim_1/new/flowing_light_tb.v" into library xil_defaultlib
INFO: [VRFC 10-311] analyzing module flowing_light_tb
INFO: [VRFC 10-2263] Analyzing Verilog file "E:/Desktop/Course Resource/已完成/CS2306 计算机系统结构实验/Lab01/Project1/Project1.sim/sim_1/behav/xsim/glbl.v" into library xil_defaultlib
INFO: [VRFC 10-311] analyzing module glbl
INFO: [USF-XSim-69] 'compile' step finished in '2' seconds
INFO: [USF-XSim-3] XSim::Elaborate design
INFO: [USF-XSim-61] Executing 'ELABORATE' step in 'E:/Desktop/Course Resource/已完成/CS2306 计算机系统结构实验/Lab01/Project1/Project1.sim/sim_1/behav/xsim'
Vivado Simulator 2018.3
Copyright 1986-1999, 2001-2018 Xilinx, Inc. All Rights Reserved.
Running: D:/Xilinx/Vivado/2018.3/bin/unwrapped/win64.o/xelab.exe -wto f7f6e29cc16d433f8e435afc6692de7c --incr --debug typical --relax --mt 2 -L xil_defaultlib -L unisims_ver -L unimacro_ver -L secureip --snapshot flowing_light_tb_behav xil_defaultlib.flowing_light_tb xil_defaultlib.glbl -log elaborate.log 
Using 2 slave threads.
Starting static elaboration
Completed static elaboration
Starting simulation data flow analysis
Completed simulation data flow analysis
Time Resolution for simulation is 1ps
Compiling module unisims_ver.IBUFDS
Compiling module unisims_ver.IBUFGDS
Compiling module xil_defaultlib.flowing_light
Compiling module xil_defaultlib.flowing_light_tb
Compiling module xil_defaultlib.glbl
Built simulation snapshot flowing_light_tb_behav

****** Webtalk v2018.3 (64-bit)
  **** SW Build 2405991 on Thu Dec  6 23:38:27 MST 2018
  **** IP Build 2404404 on Fri Dec  7 01:43:56 MST 2018
    ** Copyright 1986-2018 Xilinx, Inc. All Rights Reserved.

source E:/Desktop/Course -notrace
couldn't read file "E:/Desktop/Course": no such file or directory
INFO: [Common 17-206] Exiting Webtalk at Tue Mar 17 13:46:31 2026...
run_program: Time (s): cpu = 00:00:00 ; elapsed = 00:00:05 . Memory (MB): peak = 787.930 ; gain = 0.000
INFO: [USF-XSim-69] 'elaborate' step finished in '5' seconds
INFO: [USF-XSim-4] XSim::Simulate design
INFO: [USF-XSim-61] Executing 'SIMULATE' step in 'E:/Desktop/Course Resource/已完成/CS2306 计算机系统结构实验/Lab01/Project1/Project1.sim/sim_1/behav/xsim'
INFO: [USF-XSim-98] *** Running xsim
   with args "flowing_light_tb_behav -key {Behavioral:sim_1:Functional:flowing_light_tb} -tclbatch {flowing_light_tb.tcl} -log {simulate.log}"
INFO: [USF-XSim-8] Loading simulator feature
Vivado Simulator 2018.3
Time resolution is 1 ps
source flowing_light_tb.tcl
# set curr_wave [current_wave_config]
# if { [string length $curr_wave] == 0 } {
#   if { [llength [get_objects]] > 0} {
#     add_wave /
#     set_property needs_save false [current_wave_config]
#   } else {
#      send_msg_id Add_Wave-1 WARNING "No top level signals found. Simulator will start without a wave window. If you want to open a wave window go to 'File->New Waveform Configuration' or type 'create_wave_config' in the TCL console."
#   }
# }
# run 1000ns
xsim: Time (s): cpu = 00:00:12 ; elapsed = 00:00:05 . Memory (MB): peak = 844.727 ; gain = 56.797
INFO: [USF-XSim-96] XSim completed. Design snapshot 'flowing_light_tb_behav' loaded.
INFO: [USF-XSim-97] XSim simulation ran for 1000ns
launch_simulation: Time (s): cpu = 00:00:14 ; elapsed = 00:00:14 . Memory (MB): peak = 844.727 ; gain = 56.797
run all
run: Time (s): cpu = 00:00:13 ; elapsed = 00:00:12 . Memory (MB): peak = 844.727 ; gain = 0.000
relaunch_sim
INFO: [Vivado 12-5682] Launching behavioral simulation in 'E:/Desktop/Course Resource/已完成/CS2306 计算机系统结构实验/Lab01/Project1/Project1.sim/sim_1/behav/xsim'
INFO: [SIM-utils-51] Simulation object is 'sim_1'
INFO: [SIM-utils-54] Inspecting design source files for 'flowing_light_tb' in fileset 'sim_1'...
INFO: [USF-XSim-97] Finding global include files...
INFO: [USF-XSim-98] Fetching design files from 'sim_1'...
INFO: [USF-XSim-2] XSim::Compile design
INFO: [USF-XSim-61] Executing 'COMPILE and ANALYZE' step in 'E:/Desktop/Course Resource/已完成/CS2306 计算机系统结构实验/Lab01/Project1/Project1.sim/sim_1/behav/xsim'
"xvlog --incr --relax -prj flowing_light_tb_vlog.prj"
INFO: [USF-XSim-69] 'compile' step finished in '1' seconds
INFO: [Vivado 12-5682] Launching behavioral simulation in 'E:/Desktop/Course Resource/已完成/CS2306 计算机系统结构实验/Lab01/Project1/Project1.sim/sim_1/behav/xsim'
INFO: [USF-XSim-3] XSim::Elaborate design
INFO: [USF-XSim-61] Executing 'ELABORATE' step in 'E:/Desktop/Course Resource/已完成/CS2306 计算机系统结构实验/Lab01/Project1/Project1.sim/sim_1/behav/xsim'
Vivado Simulator 2018.3
Copyright 1986-1999, 2001-2018 Xilinx, Inc. All Rights Reserved.
Running: D:/Xilinx/Vivado/2018.3/bin/unwrapped/win64.o/xelab.exe -wto f7f6e29cc16d433f8e435afc6692de7c --incr --debug typical --relax --mt 2 -L xil_defaultlib -L unisims_ver -L unimacro_ver -L secureip --snapshot flowing_light_tb_behav xil_defaultlib.flowing_light_tb xil_defaultlib.glbl -log elaborate.log 
Using 2 slave threads.
Starting static elaboration
Completed static elaboration
INFO: [XSIM 43-4323] No Change in HDL. Linking previously generated obj files to create kernel
INFO: [USF-XSim-69] 'elaborate' step finished in '2' seconds
Vivado Simulator 2018.3
INFO: [Common 17-41] Interrupt caught. Command should exit soon.
Time resolution is 1 ps
INFO: [Common 17-344] 'relaunch_xsim_kernel' was cancelled
INFO: [Common 17-344] 'relaunch_sim' was cancelled
relaunch_sim
INFO: [Vivado 12-5682] Launching behavioral simulation in 'E:/Desktop/Course Resource/已完成/CS2306 计算机系统结构实验/Lab01/Project1/Project1.sim/sim_1/behav/xsim'
INFO: [SIM-utils-51] Simulation object is 'sim_1'
INFO: [SIM-utils-54] Inspecting design source files for 'flowing_light_tb' in fileset 'sim_1'...
INFO: [USF-XSim-97] Finding global include files...
INFO: [USF-XSim-98] Fetching design files from 'sim_1'...
INFO: [USF-XSim-2] XSim::Compile design
INFO: [USF-XSim-61] Executing 'COMPILE and ANALYZE' step in 'E:/Desktop/Course Resource/已完成/CS2306 计算机系统结构实验/Lab01/Project1/Project1.sim/sim_1/behav/xsim'
"xvlog --incr --relax -prj flowing_light_tb_vlog.prj"
INFO: [USF-XSim-69] 'compile' step finished in '1' seconds
INFO: [Vivado 12-5682] Launching behavioral simulation in 'E:/Desktop/Course Resource/已完成/CS2306 计算机系统结构实验/Lab01/Project1/Project1.sim/sim_1/behav/xsim'
INFO: [USF-XSim-3] XSim::Elaborate design
INFO: [USF-XSim-61] Executing 'ELABORATE' step in 'E:/Desktop/Course Resource/已完成/CS2306 计算机系统结构实验/Lab01/Project1/Project1.sim/sim_1/behav/xsim'
Vivado Simulator 2018.3
Copyright 1986-1999, 2001-2018 Xilinx, Inc. All Rights Reserved.
Running: D:/Xilinx/Vivado/2018.3/bin/unwrapped/win64.o/xelab.exe -wto f7f6e29cc16d433f8e435afc6692de7c --incr --debug typical --relax --mt 2 -L xil_defaultlib -L unisims_ver -L unimacro_ver -L secureip --snapshot flowing_light_tb_behav xil_defaultlib.flowing_light_tb xil_defaultlib.glbl -log elaborate.log 
Using 2 slave threads.
Starting static elaboration
Completed static elaboration
INFO: [XSIM 43-4323] No Change in HDL. Linking previously generated obj files to create kernel
INFO: [USF-XSim-69] 'elaborate' step finished in '1' seconds
Vivado Simulator 2018.3
Time resolution is 1 ps
close_sim
INFO: [Simtcl 6-16] Simulation closed
exit
INFO: [Common 17-206] Exiting Vivado at Tue Mar 17 13:52:26 2026...
